
[Test_IfCanAddOnePlayer - 1]
1 row(s) affected
---

[Test_IfCanAddTwoPlayers - 1]
2 row(s) affected
---

[Test_IfCannotAddTheSamePlayerTwicePlayer - 1]
1 row(s) affected
---

[Test_IfCannotAddTheSamePlayerTwicePlayer - 2]

---

[Test_IfCanSelectAllWhenThereIsOnePlayer - 1]
[{"Key":"Tom","Elo":1300}]
---

[Test_IfCanSelectTwoPlayersWithoutUpdatingResults - 1]
[{"Key":"Joe","Elo":1300},{"Key":"Tom","Elo":1300}]
---

[Test_IfCanSelectTwoPlayersWithUpdatingResults - 1]
[{"Key":"Joe","Elo":1288},{"Key":"Tom","Elo":1312}]
---

[Test_IfCanSelectTwoPlayersWithUpdatingResultsWithDrawResult - 1]
[{"Key":"Joe","Elo":1305},{"Key":"Tom","Elo":1295}]
---

[Test_IfCannotAddTheSamePlayerTwicePlayer - 3]
[{"Key":"Tom","Elo":1300}]
---
